[html.waituk.com/entrada/index.html]
[backblue.gif]
[fade.gif]
[index.html]
[html.waituk.com/entrada/img/favicon-16x16.png]
[html.waituk.com/entrada/vendors/font-awesome/css/font-awesome.css]
[html.waituk.com/entrada/vendors/material-design-icons/material-icons.css]
[html.waituk.com/entrada/css/fonts/icomoon/icomoon.css]
[html.waituk.com/entrada/vendors/animate/animate.css]
[html.waituk.com/entrada/css/bootstrap.css]
[html.waituk.com/entrada/vendors/owl-carousel/owl.carousel.css]
[html.waituk.com/entrada/vendors/owl-carousel/owl.theme.css]
[html.waituk.com/entrada/css/main.css]
[html.waituk.com/entrada/vendors/revolution/css/settings.css]
[html.waituk.com/entrada/img/logos/logo.svg]
[html.waituk.com/entrada/img/logos/logo-gray.svg]
[html.waituk.com/entrada/home-search-bar.html]
[html.waituk.com/entrada/home-icon-search.html]
[html.waituk.com/entrada/home-revolution.html]
[html.waituk.com/entrada/home-parallax.html]
[html.waituk.com/entrada/home-html5-video.html]
[html.waituk.com/entrada/home-static-image.html]
[html.waituk.com/entrada/grid-view-2-column.html]
[html.waituk.com/entrada/grid-view-3-column.html]
[html.waituk.com/entrada/grid-view-4-column.html]
[html.waituk.com/entrada/grid-view-sidebar.html]
[html.waituk.com/entrada/grid-view-full-width.html]
[html.waituk.com/entrada/list-view-normal.html]
[html.waituk.com/entrada/list-view-detail.html]
[html.waituk.com/entrada/tour-detail.html]
[html.waituk.com/entrada/hiking-camping.html]
[html.waituk.com/entrada/img/generic/img-01.jpg]
[html.waituk.com/entrada/jungle-safari.html]
[html.waituk.com/entrada/img/generic/img-02.jpg]
[html.waituk.com/entrada/city-tour.html]
[html.waituk.com/entrada/img/generic/img-03.jpg]
[html.waituk.com/entrada/family-fun.html]
[html.waituk.com/entrada/img/generic/img-04.jpg]
[html.waituk.com/entrada/about.html]
[html.waituk.com/entrada/error.html]
[html.waituk.com/entrada/megamenu.html]
[html.waituk.com/entrada/contact.html]
[html.waituk.com/entrada/layout-fullwidth.html]
[html.waituk.com/entrada/layout-fullwidth-wide.html]
[html.waituk.com/entrada/layout-left-sidebar.html]
[html.waituk.com/entrada/layout-right-sidebar.html]
[html.waituk.com/entrada/layout-both-sidebar.html]
[html.waituk.com/entrada/login.html]
[html.waituk.com/entrada/my-wishlist.html]
[html.waituk.com/entrada/my-cart.html]
[html.waituk.com/entrada/checkout.html]
[html.waituk.com/entrada/confirmation.html]
[html.waituk.com/entrada/header-top-bar.html]
[html.waituk.com/entrada/header-centered.html]
[html.waituk.com/entrada/header-default-white.html]
[html.waituk.com/entrada/header-dark.html]
[html.waituk.com/entrada/header-transparent.html]
[html.waituk.com/entrada/icon-font.html]
[html.waituk.com/entrada/home-boxed.html]
[html.waituk.com/entrada/home-image-bg.html]
[html.waituk.com/entrada/home-pattern-bg.html]
[html.waituk.com/entrada/blog-default.html]
[html.waituk.com/entrada/blog-left-sidebar.html]
[html.waituk.com/entrada/blog-right-sidebar.html]
[html.waituk.com/entrada/blog-fullwidth.html]
[html.waituk.com/entrada/blog-single.html]
[html.waituk.com/entrada/elements-animations.html]
[html.waituk.com/entrada/elements-blockquotes.html]
[html.waituk.com/entrada/elements-buttons.html]
[html.waituk.com/entrada/elements-carousel.html]
[html.waituk.com/entrada/elements-counters.html]
[html.waituk.com/entrada/elements-modal-boxes.html]
[html.waituk.com/entrada/elements-paginations.html]
[html.waituk.com/entrada/elements-columns.html]
[html.waituk.com/entrada/elements-data-tables.html]
[html.waituk.com/entrada/elements-date-picker.html]
[html.waituk.com/entrada/elements-dividers.html]
[html.waituk.com/entrada/elements-icon-boxes.html]
[html.waituk.com/entrada/elements-accordions.html]
[html.waituk.com/entrada/elements-headings.html]
[html.waituk.com/entrada/elements-galleries.html]
[html.waituk.com/entrada/elements-labels-badges.html]
[html.waituk.com/entrada/elements-media-option.html]
[html.waituk.com/entrada/elements-search-options.html]
[html.waituk.com/entrada/elements-social-icons.html]
[html.waituk.com/entrada/elements-responsive.html]
[html.waituk.com/entrada/img/listing/img-16.jpg]
[html.waituk.com/entrada/img/listing/img-17.jpg]
[html.waituk.com/entrada/img/listing/img-18.jpg]
[html.waituk.com/entrada/img/banner/img-01.jpg]
[html.waituk.com/entrada/img/gallery/img-01.jpg]
[html.waituk.com/entrada/img/gallery/img-02.jpg]
[html.waituk.com/entrada/img/gallery/img-03.jpg]
[html.waituk.com/entrada/img/gallery/img-04.jpg]
[html.waituk.com/entrada/img/gallery/img-05.jpg]
[html.waituk.com/entrada/img/gallery/img-06.jpg]
[html.waituk.com/entrada/img/gallery/img-07.jpg]
[html.waituk.com/entrada/img/gallery/img-08.jpg]
[html.waituk.com/entrada/img/gallery/img-09.jpg]
[html.waituk.com/entrada/img/listing/img-02.jpg]
[html.waituk.com/entrada/img/listing/img-03.jpg]
[html.waituk.com/entrada/img/listing/img-04.jpg]
[html.waituk.com/entrada/img/listing/img-05.jpg]
[html.waituk.com/entrada/img/listing/img-06.jpg]
[html.waituk.com/entrada/img/img-01.jpg]
[html.waituk.com/entrada/img/img-02.jpg]
[html.waituk.com/entrada/img/listing/img-07.jpg]
[html.waituk.com/entrada/img/listing/img-08.jpg]
[html.waituk.com/entrada/img/listing/img-09.jpg]
[html.waituk.com/entrada/img/listing/img-10.jpg]
[html.waituk.com/entrada/img/listing/img-11.jpg]
[html.waituk.com/entrada/img/listing/img-12.jpg]
[html.waituk.com/entrada/img/listing/img-13.jpg]
[html.waituk.com/entrada/img/listing/img-14.jpg]
[html.waituk.com/entrada/img/listing/img-15.jpg]
[html.waituk.com/entrada/img/thumbs/img-01.jpg]
[html.waituk.com/entrada/img/thumbs/img-02.jpg]
[html.waituk.com/entrada/img/thumbs/img-03.jpg]
[html.waituk.com/entrada/img/logos/logo-travelagancy.svg]
[html.waituk.com/entrada/img/logos/logo-travelagancy-hover.svg]
[html.waituk.com/entrada/img/logos/logo-around-world.svg]
[html.waituk.com/entrada/img/logos/logo-around-world-hover.svg]
[html.waituk.com/entrada/img/logos/logo-tourist.svg]
[html.waituk.com/entrada/img/logos/logo-tourist-hover.svg]
[html.waituk.com/entrada/img/logos/logo-adventure.svg]
[html.waituk.com/entrada/img/logos/logo-adventure-hover.svg]
[html.waituk.com/entrada/img/footer/visa.png]
[html.waituk.com/entrada/img/footer/mastercard.png]
[html.waituk.com/entrada/img/footer/paypal.png]
[html.waituk.com/entrada/img/footer/maestro.png]
[html.waituk.com/entrada/img/footer/bank-transfer.png]
[html.waituk.com/entrada/vendors/jquery/jquery-2.1.4.min.js]
[html.waituk.com/entrada/vendors/bootstrap/javascripts/bootstrap.min.js]
[html.waituk.com/entrada/vendors/jquery-placeholder/jquery.placeholder.min.js]
[html.waituk.com/entrada/vendors/match-height/jquery.matchHeight.js]
[html.waituk.com/entrada/vendors/wow/wow.min.js]
[html.waituk.com/entrada/vendors/stellar/jquery.stellar.min.js]
[html.waituk.com/entrada/vendors/validate/jquery.validate.js]
[html.waituk.com/entrada/vendors/waypoint/waypoints.min.js]
[html.waituk.com/entrada/vendors/counter-up/jquery.counterup.min.js]
[html.waituk.com/entrada/vendors/jquery-ui/jquery-ui.min.js]
[html.waituk.com/entrada/vendors/jQuery-touch-punch/jquery.ui.touch-punch.min.js]
[html.waituk.com/entrada/vendors/fancybox/jquery.fancybox.js]
[html.waituk.com/entrada/vendors/owl-carousel/owl.carousel.min.js]
[html.waituk.com/entrada/vendors/jcf/js/jcf.js]
[html.waituk.com/entrada/vendors/jcf/js/jcf.select.js]
[html.waituk.com/entrada/js/mailchimp.js]
[html.waituk.com/entrada/vendors/retina/retina.min.js]
[html.waituk.com/entrada/vendors/sticky-kit/sticky-kit.js]
[html.waituk.com/entrada/js/sticky-kit-init.js]
[html.waituk.com/entrada/vendors/bootstrap-datetimepicker-master/dist/js/bootstrap-datepicker.js]
[html.waituk.com/entrada/js/jquery.main.js]
[html.waituk.com/entrada/vendors/revolution/js/jquery.themepunch.tools.min.js]
[html.waituk.com/entrada/vendors/revolution/js/jquery.themepunch.revolution.min.js]
[html.waituk.com/entrada/vendors/revolution/js/jquery.themepunch.tools.min838f.js]
[html.waituk.com/entrada/vendors/revolution/js/jquery.themepunch.revolution.min838f.js]
[html.waituk.com/entrada/vendors/revolution/js/extensions/revolution.extension.slideanims.min.js]
[html.waituk.com/entrada/vendors/revolution/js/extensions/revolution.extension.actions.min.js]
[html.waituk.com/entrada/vendors/revolution/js/extensions/revolution.extension.layeranimation.min.js]
[html.waituk.com/entrada/vendors/revolution/js/extensions/revolution.extension.video.min.js]
[html.waituk.com/entrada/vendors/revolution/js/extensions/revolution.extension.navigation.min.js]
[html.waituk.com/entrada/vendors/revolution/js/extensions/revolution.extension.kenburn.min.js]
[html.waituk.com/entrada/index.html]
[html.waituk.com/entrada/js/revolution.js]
[html.waituk.com/entrada/vendors/font-awesome/fonts/fontawesome-webfont93e3.eot]
[html.waituk.com/entrada/vendors/font-awesome/fonts/fontawesome-webfontd41d.eot]
[html.waituk.com/entrada/vendors/font-awesome/fonts/fontawesome-webfont93e3.woff2]
[html.waituk.com/entrada/vendors/font-awesome/fonts/fontawesome-webfont93e3.woff]
[html.waituk.com/entrada/vendors/font-awesome/fonts/fontawesome-webfont93e3.ttf]
[html.waituk.com/entrada/vendors/font-awesome/css/font-awesome.css]
[html.waituk.com/entrada/vendors/font-awesome/fonts/fontawesome-webfont93e3.svg]
[html.waituk.com/entrada/vendors/material-design-icons/MaterialIcons-Regular.eot]
[html.waituk.com/entrada/vendors/material-design-icons/MaterialIcons-Regular.woff2]
[html.waituk.com/entrada/vendors/material-design-icons/MaterialIcons-Regular.woff]
[html.waituk.com/entrada/vendors/material-design-icons/MaterialIcons-Regular.ttf]
[html.waituk.com/entrada/vendors/material-design-icons/material-icons.css]
[html.waituk.com/entrada/fonts/icomoon/icomoon8ce7.eot]
[html.waituk.com/entrada/fonts/icomoon/icomoon8ce7.ttf]
[html.waituk.com/entrada/fonts/icomoon/icomoon8ce7.woff]
[html.waituk.com/entrada/css/fonts/icomoon/icomoon.css]
[html.waituk.com/entrada/vendors/animate/animate.css]
[html.waituk.com/entrada/fonts/icomoon/icomoon8ce7.svg]
[html.waituk.com/entrada/fonts/bootstrap/glyphicons-halflings-regular.eot]
[html.waituk.com/entrada/fonts/bootstrap/glyphicons-halflings-regulard41d.eot]
[html.waituk.com/entrada/fonts/bootstrap/glyphicons-halflings-regular.woff2]
[html.waituk.com/entrada/fonts/bootstrap/glyphicons-halflings-regular.woff]
[html.waituk.com/entrada/fonts/bootstrap/glyphicons-halflings-regular.ttf]
[html.waituk.com/entrada/css/bootstrap.css]
[html.waituk.com/entrada/fonts/bootstrap/glyphicons-halflings-regular.svg]
[html.waituk.com/entrada/vendors/owl-carousel/grabbing.png]
[html.waituk.com/entrada/vendors/owl-carousel/owl.carousel.css]
[html.waituk.com/entrada/vendors/owl-carousel/AjaxLoader.gif]
[html.waituk.com/entrada/vendors/owl-carousel/owl.theme.css]
[html.waituk.com/entrada/img/retina_wood.png]
[html.waituk.com/entrada/img/banner/img-15.jpg]
[html.waituk.com/entrada/img/generic/img-05.jpg]
[html.waituk.com/entrada/img/banner/img-07.jpg]
[html.waituk.com/entrada/img/banner/img-23.jpg]
[html.waituk.com/entrada/img/banner/img-24.jpg]
[html.waituk.com/entrada/img/banner/img-25.jpg]
[html.waituk.com/entrada/img/banner/img-26.jpg]
[html.waituk.com/entrada/img/banner/img-27.jpg]
[html.waituk.com/entrada/img/banner/img-29.jpg]
[html.waituk.com/entrada/img/banner/img-28.jpg]
[html.waituk.com/entrada/img/banner/img-31.jpg]
[html.waituk.com/entrada/img/banner/img-12.jpg]
[html.waituk.com/entrada/img/banner/img-13.jpg]
[html.waituk.com/entrada/img/generic/img-15.jpg]
[html.waituk.com/entrada/img/generic/img-16.jpg]
[html.waituk.com/entrada/img/banner/img-14.jpg]
[html.waituk.com/entrada/img/banner/img-16.jpg]
[html.waituk.com/entrada/img/banner/img-17.jpg]
[html.waituk.com/entrada/img/intro/img-01.jpg]
[html.waituk.com/entrada/videos/video-thumb.jpg]
[html.waituk.com/entrada/img/footer/footer-pattern.png]
[html.waituk.com/entrada/css/main.css]
[html.waituk.com/entrada/vendors/revolution/fonts/revicons/revicons90c6.eot]
[html.waituk.com/entrada/vendors/revolution/fonts/revicons/revicons90c6.woff]
[html.waituk.com/entrada/vendors/revolution/fonts/revicons/revicons90c6.ttf]
[html.waituk.com/entrada/vendors/revolution/fonts/revicons/revicons90c6.svg]
[html.waituk.com/entrada/vendors/revolution/css/openhand.cur]
[html.waituk.com/entrada/vendors/revolution/css/closedhand.cur]
[html.waituk.com/entrada/vendors/revolution/assets/gridtile.png]
[html.waituk.com/entrada/vendors/revolution/assets/gridtile_white.png]
[html.waituk.com/entrada/vendors/revolution/assets/gridtile_3x3.png]
[html.waituk.com/entrada/vendors/revolution/assets/gridtile_3x3_white.png]
[html.waituk.com/entrada/vendors/revolution/assets/coloredbg.png]
[html.waituk.com/entrada/vendors/revolution/assets/loader.gif]
[html.waituk.com/entrada/vendors/revolution/css/settings.css]
[html.waituk.com/entrada/img/logos/logo.svg]
[html.waituk.com/entrada/img/logos/logo-gray.svg]
[html.waituk.com/entrada/img/banner/img-04.jpg]
[html.waituk.com/entrada/home-search-bar.html]
[html.waituk.com/entrada/home-icon-search.html]
[html.waituk.com/entrada/img/banner/img-05.jpg]
[html.waituk.com/entrada/img/banner/img-06.jpg]
[html.waituk.com/entrada/videos/video-thumb-3.jpg]
[html.waituk.com/entrada/home-revolution.html]
[html.waituk.com/entrada/home-parallax.html]
[html.waituk.com/entrada/videos/video-3.mp4]
[html.waituk.com/entrada/home-html5-video.html]
[html.waituk.com/entrada/home-static-image.html]
[html.waituk.com/entrada/img/listing/img-19.jpg]
[html.waituk.com/entrada/img/listing/img-20.jpg]
[html.waituk.com/entrada/img/listing/img-21.jpg]
[html.waituk.com/entrada/img/listing/img-22.jpg]
[html.waituk.com/entrada/img/listing/img-23.jpg]
[html.waituk.com/entrada/img/listing/img-24.jpg]
[html.waituk.com/entrada/img/listing/img-25.jpg]
[html.waituk.com/entrada/img/listing/img-26.jpg]
[html.waituk.com/entrada/img/listing/img-27.jpg]
[html.waituk.com/entrada/img/listing/img-28.jpg]
[html.waituk.com/entrada/img/listing/img-29.jpg]
[html.waituk.com/entrada/img/listing/img-30.jpg]
[html.waituk.com/entrada/img/listing/img-31.jpg]
[html.waituk.com/entrada/img/listing/img-32.jpg]
[html.waituk.com/entrada/img/listing/img-33.jpg]
[html.waituk.com/entrada/img/listing/img-34.jpg]
[html.waituk.com/entrada/grid-view-2-column.html]
[html.waituk.com/entrada/grid-view-3-column.html]
[html.waituk.com/entrada/grid-view-4-column.html]
[html.waituk.com/entrada/grid-view-sidebar.html]
[html.waituk.com/entrada/grid-view-full-width.html]
[html.waituk.com/entrada/vendors/jquery-ui/jquery-ui.min.css]
[html.waituk.com/entrada/img/listing/img-35.jpg]
[html.waituk.com/entrada/img/listing/img-36.jpg]
[html.waituk.com/entrada/img/listing/img-37.jpg]
[html.waituk.com/entrada/img/listing/img-38.jpg]
[html.waituk.com/entrada/img/listing/img-39.jpg]
[html.waituk.com/entrada/list-view-normal.html]
[html.waituk.com/entrada/img/generic/map.png]
[html.waituk.com/entrada/list-view-detail.html]
[html.waituk.com/entrada/vendors/fancybox/jquery.fancybox.css]
[html.waituk.com/entrada/img/generic/img-17.jpg]
[html.waituk.com/entrada/img/generic/img-07.jpg]
[html.waituk.com/entrada/img/generic/img-08.jpg]
[html.waituk.com/entrada/img/generic/img-10.jpg]
[html.waituk.com/entrada/img/generic/img-11.jpg]
[html.waituk.com/entrada/img/generic/img-12.jpg]
[html.waituk.com/entrada/img/generic/img-13.jpg]
[html.waituk.com/entrada/img/generic/img-14.jpg]
[html.waituk.com/entrada/img/thumbs/img-04.jpg]
[html.waituk.com/entrada/img/thumbs/img-05.jpg]
[html.waituk.com/entrada/img/thumbs/img-06.jpg]
[html.waituk.com/entrada/img/thumbs/img-07.jpg]
[html.waituk.com/entrada/img/gallery/img-10-2.jpg]
[html.waituk.com/entrada/img/gallery/img-10.jpg]
[html.waituk.com/entrada/img/gallery/img-11-2.jpg]
[html.waituk.com/entrada/img/gallery/img-11.jpg]
[html.waituk.com/entrada/img/gallery/img-12-2.jpg]
[html.waituk.com/entrada/img/gallery/img-12.jpg]
[html.waituk.com/entrada/img/gallery/img-13-2.jpg]
[html.waituk.com/entrada/img/gallery/img-13.jpg]
[html.waituk.com/entrada/img/gallery/img-14-2.jpg]
[html.waituk.com/entrada/img/gallery/img-14.jpg]
[html.waituk.com/entrada/img/gallery/img-15-2.jpg]
[html.waituk.com/entrada/img/gallery/img-15.jpg]
[html.waituk.com/entrada/img/gallery/img-16-2.jpg]
[html.waituk.com/entrada/img/gallery/img-16.jpg]
[html.waituk.com/entrada/img/gallery/img-17-2.jpg]
[html.waituk.com/entrada/img/gallery/img-17.jpg]
[html.waituk.com/entrada/img/gallery/img-18-2.jpg]
[html.waituk.com/entrada/img/gallery/img-18.jpg]
[html.waituk.com/entrada/tour-detail.html]
[html.waituk.com/entrada/hiking-camping.html]
[html.waituk.com/entrada/img/icons/ico-landing-hiking.svg]
[html.waituk.com/entrada/jungle-safari.html]
[html.waituk.com/entrada/img/icons/ico-antlers.svg]
[html.waituk.com/entrada/city-tour.html]
[html.waituk.com/entrada/img/icons/ico-landing-eifel.svg]
[html.waituk.com/entrada/family-fun.html]
[html.waituk.com/entrada/img/icons/ico-summer.svg]
[html.waituk.com/entrada/img/icons/ico01.svg]
[html.waituk.com/entrada/img/icons/ico02.svg]
[html.waituk.com/entrada/about.html]
[html.waituk.com/entrada/error.html]
[html.waituk.com/entrada/img/icons/ico03.svg]
[html.waituk.com/entrada/img/banner/img-02.jpg]
[html.waituk.com/entrada/megamenu.html]
[html.waituk.com/entrada/contact.html]
[html.waituk.com/entrada/js/contact-form.js]
[html.waituk.com/entrada/img/blog/img-09.jpg]
[html.waituk.com/entrada/layout-fullwidth.html]
[html.waituk.com/entrada/layout-fullwidth-wide.html]
[html.waituk.com/entrada/layout-left-sidebar.html]
[html.waituk.com/entrada/layout-right-sidebar.html]
[html.waituk.com/entrada/layout-both-sidebar.html]
[html.waituk.com/entrada/login.html]
[html.waituk.com/entrada/img/listing/img-40.jpg]
[html.waituk.com/entrada/img/listing/img-41.jpg]
[html.waituk.com/entrada/my-wishlist.html]
[html.waituk.com/entrada/my-cart.html]
[html.waituk.com/entrada/checkout.html]
[html.waituk.com/entrada/confirmation.html]
[html.waituk.com/entrada/header-top-bar.html]
[html.waituk.com/entrada/header-centered.html]
[html.waituk.com/entrada/header-default-white.html]
[html.waituk.com/entrada/header-dark.html]
[html.waituk.com/entrada/header-transparent.html]
[html.waituk.com/entrada/icon-font.html]
[html.waituk.com/entrada/home-boxed.html]
[html.waituk.com/entrada/home-image-bg.html]
[html.waituk.com/entrada/home-pattern-bg.html]
[html.waituk.com/entrada/blog-default.html]
[html.waituk.com/entrada/img/blog/img-01.jpg]
[html.waituk.com/entrada/img/blog/img-02.jpg]
[html.waituk.com/entrada/img/blog/img-03.jpg]
[html.waituk.com/entrada/img/blog/thumb-01.jpg]
[html.waituk.com/entrada/img/blog/thumb-02.jpg]
[html.waituk.com/entrada/img/blog/thumb-03.jpg]
[html.waituk.com/entrada/img/blog/thumb-04.jpg]
[html.waituk.com/entrada/img/blog/thumb-05.jpg]
[html.waituk.com/entrada/img/blog/thumb-06.jpg]
[html.waituk.com/entrada/blog-left-sidebar.html]
[html.waituk.com/entrada/blog-right-sidebar.html]
[html.waituk.com/entrada/blog-fullwidth.html]
[html.waituk.com/entrada/img/blog/thumb-07.jpg]
[html.waituk.com/entrada/img/blog/thumb-08.jpg]
[html.waituk.com/entrada/img/blog/thumb-09.jpg]
[html.waituk.com/entrada/blog-single.html]
[html.waituk.com/entrada/elements-animations.html]
[html.waituk.com/entrada/elements-blockquotes.html]
[html.waituk.com/entrada/elements-buttons.html]
[html.waituk.com/entrada/elements-carousel.html]
[html.waituk.com/entrada/elements-counters.html]
[html.waituk.com/entrada/elements-modal-boxes.html]
[html.waituk.com/entrada/elements-paginations.html]
[html.waituk.com/entrada/elements-columns.html]
[html.waituk.com/entrada/elements-data-tables.html]
[html.waituk.com/entrada/elements-date-picker.html]
[html.waituk.com/entrada/elements-dividers.html]
[html.waituk.com/entrada/elements-icon-boxes.html]
[html.waituk.com/entrada/elements-accordions.html]
[html.waituk.com/entrada/elements-headings.html]
[html.waituk.com/entrada/elements-galleries.html]
[html.waituk.com/entrada/elements-labels-badges.html]
[html.waituk.com/entrada/elements-media-option.html]
[html.waituk.com/entrada/elements-search-options.html]
[html.waituk.com/entrada/elements-social-icons.html]
[html.waituk.com/entrada/elements-responsive.html]
[html.waituk.com/entrada/img/logos/logo-travelagancy.svg]
[html.waituk.com/entrada/img/logos/logo-travelagancy-hover.svg]
[html.waituk.com/entrada/img/logos/logo-around-world.svg]
[html.waituk.com/entrada/img/logos/logo-around-world-hover.svg]
[html.waituk.com/entrada/img/logos/logo-tourist.svg]
[html.waituk.com/entrada/img/logos/logo-tourist-hover.svg]
[html.waituk.com/entrada/img/logos/logo-adventure.svg]
[html.waituk.com/entrada/img/logos/logo-adventure-hover.svg]
[html.waituk.com/entrada/vendors/font-awesome/fonts/fontawesome-webfont93e3.svg]
[html.waituk.com/entrada/fonts/icomoon/icomoon8ce7.svg]
[html.waituk.com/entrada/fonts/bootstrap/glyphicons-halflings-regular.svg]
[html.waituk.com/entrada/vendors/revolution/fonts/revicons/revicons90c6.svg]
[html.waituk.com/entrada/vendors/jquery-ui/jquery-ui.min.css]
[html.waituk.com/entrada/vendors/fancybox/fancybox_sprite.png]
[html.waituk.com/entrada/vendors/fancybox/fancybox_loading.gif]
[html.waituk.com/entrada/vendors/fancybox/blank.gif]
[html.waituk.com/entrada/vendors/fancybox/fancybox_overlay.png]
[html.waituk.com/entrada/vendors/fancybox/fancybox_sprite@2x.png]
[html.waituk.com/entrada/vendors/fancybox/fancybox_loading@2x.gif]
[html.waituk.com/entrada/vendors/fancybox/jquery.fancybox.css]
[html.waituk.com/entrada/img/icons/ico-landing-hiking.svg]
[html.waituk.com/entrada/img/icons/ico-antlers.svg]
[html.waituk.com/entrada/img/icons/ico-landing-eifel.svg]
[html.waituk.com/entrada/img/icons/ico-summer.svg]
[html.waituk.com/entrada/img/icons/ico01.svg]
[html.waituk.com/entrada/img/icons/ico02.svg]
[html.waituk.com/entrada/img/icons/ico03.svg]
[html.waituk.com/entrada/about-company.html]
[html.waituk.com/entrada/elements-range-slider.html]
[html.waituk.com/entrada/elements-star-ratings.html]
[html.waituk.com/entrada/vendors/jquery-ui/images/ui-bg_highlight-soft_100_eeeeee_1x100.html]
[html.waituk.com/entrada/vendors/jquery-ui/images/ui-bg_gloss-wave_35_f6a828_500x100.html]
[html.waituk.com/entrada/vendors/jquery-ui/images/ui-bg_glass_100_f6f6f6_1x400.html]
[html.waituk.com/entrada/vendors/jquery-ui/images/ui-bg_glass_100_fdf5ce_1x400.html]
[html.waituk.com/entrada/vendors/jquery-ui/images/ui-bg_glass_65_ffffff_1x400.html]
[html.waituk.com/entrada/vendors/jquery-ui/images/ui-bg_highlight-soft_75_ffe45c_1x100.html]
[html.waituk.com/entrada/vendors/jquery-ui/images/ui-bg_diagonals-thick_18_b81900_40x40.html]
[html.waituk.com/entrada/vendors/jquery-ui/images/ui-icons_222222_256x240.html]
[html.waituk.com/entrada/vendors/jquery-ui/images/ui-icons_ffffff_256x240.html]
[html.waituk.com/entrada/vendors/jquery-ui/images/ui-icons_ef8c08_256x240.html]
[html.waituk.com/entrada/vendors/jquery-ui/images/ui-icons_228ef1_256x240.html]
[html.waituk.com/entrada/vendors/jquery-ui/images/ui-icons_ffd27a_256x240.html]
[html.waituk.com/entrada/vendors/jquery-ui/images/ui-bg_diagonals-thick_20_666666_40x40.html]
[html.waituk.com/entrada/vendors/jquery-ui/images/ui-bg_flat_10_000000_40x100.html]
[html-i0ipxhws.netdna-ssl.com/entrada/img/listing/img-01.jpg]
[html-i0ipxhws.netdna-ssl.com/entrada/vendors/revolution/js/extensions/revolution.extension.parallax.min.js]
[html-i0ipxhws.netdna-ssl.com/entrada/img/generic/img-09.jpg]
